cc		PIN		1		0
cc		LEFPIN		2		0
cc		FILL		3		0
cc		FILLOPC		4		0
cc		VIA		5		0
cc		VIAFILL		6		0
cc		VIAFILLOPC		7		0
metal1		NET		8		0
metal1		SPNET		9		0
metal1		PIN		10		0
metal1		LEFPIN		11		0
metal1		FILL		12		0
metal1		FILLOPC		13		0
metal1		VIA		14		0
metal1		VIAFILL		15		0
metal1		VIAFILLOPC		16		0
metal1		LEFOBS		17		0
NAME		metal1/NET		18		0
NAME		metal1/SPNET		19		0
NAME		metal1/PIN		20		0
NAME		metal1/LEFPIN		21		0
via		PIN		22		0
via		LEFPIN		23		0
via		FILL		24		0
via		FILLOPC		25		0
via		VIA		26		0
via		VIAFILL		27		0
via		VIAFILLOPC		28		0
metal2		NET		29		0
metal2		SPNET		30		0
metal2		PIN		31		0
metal2		LEFPIN		32		0
metal2		FILL		33		0
metal2		FILLOPC		34		0
metal2		VIA		35		0
metal2		VIAFILL		36		0
metal2		VIAFILLOPC		37		0
metal2		LEFOBS		38		0
NAME		metal2/NET		39		0
NAME		metal2/SPNET		40		0
NAME		metal2/PIN		41		0
NAME		metal2/LEFPIN		42		0
via2		PIN		43		0
via2		LEFPIN		44		0
via2		FILL		45		0
via2		FILLOPC		46		0
via2		VIA		47		0
via2		VIAFILL		48		0
via2		VIAFILLOPC		49		0
metal3		NET		50		0
metal3		SPNET		51		0
metal3		PIN		52		0
metal3		LEFPIN		53		0
metal3		FILL		54		0
metal3		FILLOPC		55		0
metal3		VIA		56		0
metal3		VIAFILL		57		0
metal3		VIAFILLOPC		58		0
metal3		LEFOBS		59		0
NAME		metal3/NET		60		0
NAME		metal3/SPNET		61		0
NAME		metal3/PIN		62		0
NAME		metal3/LEFPIN		63		0
NAME		COMP		64		0
COMP		ALL		65		0
DIEAREA		ALL		66		0
